// Jest Snapshot v1, https://goo.gl/fbAQLP

exports[`<Graph Component /> should render Graph Component 1`] = `ShallowWrapper {}`;
